============================================================
  ≡ƒñû Iterative Code Review Bot
  Powered by LangGraph + Groq (llama-3.3-70b-versatile)
============================================================

ΓÜí Using Groq cloud: llama-3.3-70b-versatile

≡ƒôé Reviewing file: tests/sample_code/clean_code.py

≡ƒôï Starting review (max 2 iterations)...

  ≡ƒöì Step 2: Analyzing code...
  ≡ƒÉ¢ Step 3: Found 0 issue(s)
  ≡ƒôä Step 4: Report draft generated...
  ≡ƒöÄ Step 5: Validating and correcting report...

============================================================
  ≡ƒôè REVIEW COMPLETE
============================================================

## ≡ƒöì Code Review Report

---

### ≡ƒÆ¼ Review Decision
Γ£à Approved ΓÇö No critical issues found.

---

### ≡ƒôï Overview
- **Language:** Python
- **Lines Analyzed:** 28
- **Total Issues Found:** 0
- **Overall Score:** 10/10 ΓÇö scale is 1 (worst) to 10 (best)
- **Risk Level:** ≡ƒƒó Low

---

### ≡ƒôè Score Breakdown
| Category       | Score | Status | Reason |
|----------------|-------|--------|--------|
| Security       | 10/10  | ≡ƒƒó | No security vulnerabilities found. |
| Reliability    | 10/10  | ≡ƒƒó | No reliability issues found. |
| Code Quality   | 10/10  | ≡ƒƒó | Code is well-structured and readable. |
| Best Practices | 10/10  | ≡ƒƒó | Code follows best practices. |

---

### ≡ƒÉ¢ Issues Found (ordered by severity)
No issues were found in the provided code! Excellent work. ≡ƒÄë

---

### Γ£à What's Done Well
- `load_config` on line 5 checks if the file exists before attempting to open it, preventing a potential `FileNotFoundError`.
- `get_setting` on line 14 safely retrieves a setting with an optional default, avoiding potential `KeyError` exceptions.
- The code does not contain any division by zero or other critical issues.

---

### ≡ƒÜÇ Priority Action Plan
No issues to fix.

---

### ≡ƒôÜ Recommended Resources
- **https://docs.python.org/3/library/json.html** ΓÇö For JSON parsing and loading.
- **https://docs.python.org/3/tutorial/inputoutput.html#reading-and-writing-files** ΓÇö For file handling and context managers.
- **https://peps.python.org/pep-0008/** ΓÇö For style guidelines and best practices.


## ORIGINAL CODE
No original code was provided for analysis.
